{
"namespaces":{
  "global":{
    "modules":{
      "hcompute_conv1_stencil":{
        "type":["Record",[
          ["out_conv1_stencil",["Array",16,"Bit"]]
        ]],
        "instances":{
          "const_p0__285":{
            "genref":"coreir.const",
            "genargs":{"width":["Int",16]},
            "modargs":{"value":[["BitVector",16],"16'h0000"]}
          }
        },
        "connections":[
          ["self.out_conv1_stencil","const_p0__285.out"]
        ]
      },
      "hcompute_conv1_stencil_1":{
        "type":["Record",[
          ["out_conv1_stencil",["Array",16,"Bit"]],
          ["in0_conv1_stencil",["Array",1,["Array",16,"BitIn"]]],
          ["in1_hw_input_global_wrapper_stencil",["Array",9,["Array",16,"BitIn"]]]
        ]],
        "instances":{
          "add_304_315_316":{
            "genref":"coreir.add",
            "genargs":{"width":["Int",16]}
          },
          "add_305_313_314":{
            "genref":"coreir.add",
            "genargs":{"width":["Int",16]}
          },
          "add_307_312_313":{
            "genref":"coreir.add",
            "genargs":{"width":["Int",16]}
          },
          "add_308_311_312":{
            "genref":"coreir.add",
            "genargs":{"width":["Int",16]}
          },
          "add_conv1_stencil_1_316_317":{
            "genref":"coreir.add",
            "genargs":{"width":["Int",16]}
          },
          "add_hw_input_global_wrapper_stencil_1_317_318":{
            "genref":"coreir.add",
            "genargs":{"width":["Int",16]}
          },
          "add_hw_input_global_wrapper_stencil_3_314_315":{
            "genref":"coreir.add",
            "genargs":{"width":["Int",16]}
          },
          "add_hw_input_global_wrapper_stencil_7_310_311":{
            "genref":"coreir.add",
            "genargs":{"width":["Int",16]}
          },
          "add_hw_input_global_wrapper_stencil_8_309_310":{
            "genref":"coreir.add",
            "genargs":{"width":["Int",16]}
          },
          "const_p2__303":{
            "genref":"coreir.const",
            "genargs":{"width":["Int",16]},
            "modargs":{"value":[["BitVector",16],"16'h0002"]}
          },
          "const_p2__303$1":{
            "genref":"coreir.const",
            "genargs":{"width":["Int",16]},
            "modargs":{"value":[["BitVector",16],"16'h0002"]}
          },
          "const_p2__303$2":{
            "genref":"coreir.const",
            "genargs":{"width":["Int",16]},
            "modargs":{"value":[["BitVector",16],"16'h0002"]}
          },
          "const_p2__303$3":{
            "genref":"coreir.const",
            "genargs":{"width":["Int",16]},
            "modargs":{"value":[["BitVector",16],"16'h0002"]}
          },
          "const_p4__306":{
            "genref":"coreir.const",
            "genargs":{"width":["Int",16]},
            "modargs":{"value":[["BitVector",16],"16'h0004"]}
          },
          "mul_hw_input_global_wrapper_stencil_2_303_304":{
            "genref":"coreir.mul",
            "genargs":{"width":["Int",16]}
          },
          "mul_hw_input_global_wrapper_stencil_4_303_305":{
            "genref":"coreir.mul",
            "genargs":{"width":["Int",16]}
          },
          "mul_hw_input_global_wrapper_stencil_5_306_307":{
            "genref":"coreir.mul",
            "genargs":{"width":["Int",16]}
          },
          "mul_hw_input_global_wrapper_stencil_6_303_308":{
            "genref":"coreir.mul",
            "genargs":{"width":["Int",16]}
          },
          "mul_hw_input_global_wrapper_stencil_9_303_309":{
            "genref":"coreir.mul",
            "genargs":{"width":["Int",16]}
          }
        },
        "connections":[
          ["mul_hw_input_global_wrapper_stencil_2_303_304.out","add_304_315_316.in0"],
          ["add_hw_input_global_wrapper_stencil_3_314_315.out","add_304_315_316.in1"],
          ["add_conv1_stencil_1_316_317.in1","add_304_315_316.out"],
          ["mul_hw_input_global_wrapper_stencil_4_303_305.out","add_305_313_314.in0"],
          ["add_307_312_313.out","add_305_313_314.in1"],
          ["add_hw_input_global_wrapper_stencil_3_314_315.in1","add_305_313_314.out"],
          ["mul_hw_input_global_wrapper_stencil_5_306_307.out","add_307_312_313.in0"],
          ["add_308_311_312.out","add_307_312_313.in1"],
          ["mul_hw_input_global_wrapper_stencil_6_303_308.out","add_308_311_312.in0"],
          ["add_hw_input_global_wrapper_stencil_7_310_311.out","add_308_311_312.in1"],
          ["self.in0_conv1_stencil.0","add_conv1_stencil_1_316_317.in0"],
          ["add_hw_input_global_wrapper_stencil_1_317_318.in1","add_conv1_stencil_1_316_317.out"],
          ["self.in1_hw_input_global_wrapper_stencil.0","add_hw_input_global_wrapper_stencil_1_317_318.in0"],
          ["self.out_conv1_stencil","add_hw_input_global_wrapper_stencil_1_317_318.out"],
          ["self.in1_hw_input_global_wrapper_stencil.2","add_hw_input_global_wrapper_stencil_3_314_315.in0"],
          ["self.in1_hw_input_global_wrapper_stencil.6","add_hw_input_global_wrapper_stencil_7_310_311.in0"],
          ["add_hw_input_global_wrapper_stencil_8_309_310.out","add_hw_input_global_wrapper_stencil_7_310_311.in1"],
          ["self.in1_hw_input_global_wrapper_stencil.7","add_hw_input_global_wrapper_stencil_8_309_310.in0"],
          ["mul_hw_input_global_wrapper_stencil_9_303_309.out","add_hw_input_global_wrapper_stencil_8_309_310.in1"],
          ["mul_hw_input_global_wrapper_stencil_4_303_305.in1","const_p2__303$1.out"],
          ["mul_hw_input_global_wrapper_stencil_6_303_308.in1","const_p2__303$2.out"],
          ["mul_hw_input_global_wrapper_stencil_9_303_309.in1","const_p2__303$3.out"],
          ["mul_hw_input_global_wrapper_stencil_2_303_304.in1","const_p2__303.out"],
          ["mul_hw_input_global_wrapper_stencil_5_306_307.in1","const_p4__306.out"],
          ["self.in1_hw_input_global_wrapper_stencil.1","mul_hw_input_global_wrapper_stencil_2_303_304.in0"],
          ["self.in1_hw_input_global_wrapper_stencil.3","mul_hw_input_global_wrapper_stencil_4_303_305.in0"],
          ["self.in1_hw_input_global_wrapper_stencil.4","mul_hw_input_global_wrapper_stencil_5_306_307.in0"],
          ["self.in1_hw_input_global_wrapper_stencil.5","mul_hw_input_global_wrapper_stencil_6_303_308.in0"],
          ["self.in1_hw_input_global_wrapper_stencil.8","mul_hw_input_global_wrapper_stencil_9_303_309.in0"]
        ]
      },
      "hcompute_conv2_stencil":{
        "type":["Record",[
          ["out_conv2_stencil",["Array",16,"Bit"]]
        ]],
        "instances":{
          "const_p0__350":{
            "genref":"coreir.const",
            "genargs":{"width":["Int",16]},
            "modargs":{"value":[["BitVector",16],"16'h0000"]}
          }
        },
        "connections":[
          ["self.out_conv2_stencil","const_p0__350.out"]
        ]
      },
      "hcompute_conv2_stencil_1":{
        "type":["Record",[
          ["out_conv2_stencil",["Array",16,"Bit"]],
          ["in0_conv1_stencil",["Array",9,["Array",16,"BitIn"]]],
          ["in1_conv2_stencil",["Array",1,["Array",16,"BitIn"]]]
        ]],
        "instances":{
          "add_369_380_381":{
            "genref":"coreir.add",
            "genargs":{"width":["Int",16]}
          },
          "add_370_378_379":{
            "genref":"coreir.add",
            "genargs":{"width":["Int",16]}
          },
          "add_372_377_378":{
            "genref":"coreir.add",
            "genargs":{"width":["Int",16]}
          },
          "add_373_376_377":{
            "genref":"coreir.add",
            "genargs":{"width":["Int",16]}
          },
          "add_conv1_stencil_2_382_383":{
            "genref":"coreir.add",
            "genargs":{"width":["Int",16]}
          },
          "add_conv1_stencil_4_379_380":{
            "genref":"coreir.add",
            "genargs":{"width":["Int",16]}
          },
          "add_conv1_stencil_8_375_376":{
            "genref":"coreir.add",
            "genargs":{"width":["Int",16]}
          },
          "add_conv1_stencil_9_374_375":{
            "genref":"coreir.add",
            "genargs":{"width":["Int",16]}
          },
          "add_conv2_stencil_1_381_382":{
            "genref":"coreir.add",
            "genargs":{"width":["Int",16]}
          },
          "const_p2__368":{
            "genref":"coreir.const",
            "genargs":{"width":["Int",16]},
            "modargs":{"value":[["BitVector",16],"16'h0002"]}
          },
          "const_p2__368$1":{
            "genref":"coreir.const",
            "genargs":{"width":["Int",16]},
            "modargs":{"value":[["BitVector",16],"16'h0002"]}
          },
          "const_p2__368$2":{
            "genref":"coreir.const",
            "genargs":{"width":["Int",16]},
            "modargs":{"value":[["BitVector",16],"16'h0002"]}
          },
          "const_p2__368$3":{
            "genref":"coreir.const",
            "genargs":{"width":["Int",16]},
            "modargs":{"value":[["BitVector",16],"16'h0002"]}
          },
          "const_p4__371":{
            "genref":"coreir.const",
            "genargs":{"width":["Int",16]},
            "modargs":{"value":[["BitVector",16],"16'h0004"]}
          },
          "mul_conv1_stencil_10_368_374":{
            "genref":"coreir.mul",
            "genargs":{"width":["Int",16]}
          },
          "mul_conv1_stencil_3_368_369":{
            "genref":"coreir.mul",
            "genargs":{"width":["Int",16]}
          },
          "mul_conv1_stencil_5_368_370":{
            "genref":"coreir.mul",
            "genargs":{"width":["Int",16]}
          },
          "mul_conv1_stencil_6_371_372":{
            "genref":"coreir.mul",
            "genargs":{"width":["Int",16]}
          },
          "mul_conv1_stencil_7_368_373":{
            "genref":"coreir.mul",
            "genargs":{"width":["Int",16]}
          }
        },
        "connections":[
          ["mul_conv1_stencil_3_368_369.out","add_369_380_381.in0"],
          ["add_conv1_stencil_4_379_380.out","add_369_380_381.in1"],
          ["add_conv2_stencil_1_381_382.in1","add_369_380_381.out"],
          ["mul_conv1_stencil_5_368_370.out","add_370_378_379.in0"],
          ["add_372_377_378.out","add_370_378_379.in1"],
          ["add_conv1_stencil_4_379_380.in1","add_370_378_379.out"],
          ["mul_conv1_stencil_6_371_372.out","add_372_377_378.in0"],
          ["add_373_376_377.out","add_372_377_378.in1"],
          ["mul_conv1_stencil_7_368_373.out","add_373_376_377.in0"],
          ["add_conv1_stencil_8_375_376.out","add_373_376_377.in1"],
          ["self.in0_conv1_stencil.1","add_conv1_stencil_2_382_383.in0"],
          ["add_conv2_stencil_1_381_382.out","add_conv1_stencil_2_382_383.in1"],
          ["self.out_conv2_stencil","add_conv1_stencil_2_382_383.out"],
          ["self.in0_conv1_stencil.3","add_conv1_stencil_4_379_380.in0"],
          ["self.in0_conv1_stencil.7","add_conv1_stencil_8_375_376.in0"],
          ["add_conv1_stencil_9_374_375.out","add_conv1_stencil_8_375_376.in1"],
          ["self.in0_conv1_stencil.8","add_conv1_stencil_9_374_375.in0"],
          ["mul_conv1_stencil_10_368_374.out","add_conv1_stencil_9_374_375.in1"],
          ["self.in1_conv2_stencil.0","add_conv2_stencil_1_381_382.in0"],
          ["mul_conv1_stencil_5_368_370.in1","const_p2__368$1.out"],
          ["mul_conv1_stencil_7_368_373.in1","const_p2__368$2.out"],
          ["mul_conv1_stencil_10_368_374.in1","const_p2__368$3.out"],
          ["mul_conv1_stencil_3_368_369.in1","const_p2__368.out"],
          ["mul_conv1_stencil_6_371_372.in1","const_p4__371.out"],
          ["self.in0_conv1_stencil.0","mul_conv1_stencil_10_368_374.in0"],
          ["self.in0_conv1_stencil.2","mul_conv1_stencil_3_368_369.in0"],
          ["self.in0_conv1_stencil.4","mul_conv1_stencil_5_368_370.in0"],
          ["self.in0_conv1_stencil.5","mul_conv1_stencil_6_371_372.in0"],
          ["self.in0_conv1_stencil.6","mul_conv1_stencil_7_368_373.in0"]
        ]
      },
      "hcompute_hw_input_global_wrapper_stencil":{
        "type":["Record",[
          ["out_hw_input_global_wrapper_stencil",["Array",16,"Bit"]],
          ["in0_hw_input_stencil",["Array",1,["Array",16,"BitIn"]]]
        ]],
        "connections":[
          ["self.out_hw_input_global_wrapper_stencil","self.in0_hw_input_stencil.0"]
        ]
      },
      "hcompute_hw_output_stencil":{
        "type":["Record",[
          ["out_hw_output_stencil",["Array",16,"Bit"]],
          ["in0_conv2_stencil",["Array",1,["Array",16,"BitIn"]]]
        ]],
        "connections":[
          ["self.out_hw_output_stencil","self.in0_conv2_stencil.0"]
        ]
      }
    }
  }
}
}
