{
"namespaces":{
  "global":{
    "modules":{
      "hcompute_conv_stencil":{
        "type":["Record",[
          ["out_conv_stencil",["Array",16,"Bit"]]
        ]],
        "instances":{
          "const_p0__285":{
            "genref":"coreir.const",
            "genargs":{"width":["Int",16]},
            "modargs":{"value":[["BitVector",16],"16'h0000"]}
          }
        },
        "connections":[
          ["self.out_conv_stencil","const_p0__285.out"]
        ]
      },
      "hcompute_conv_stencil_1":{
        "type":["Record",[
          ["out_conv_stencil",["Array",16,"Bit"]],
          ["in0_conv_stencil",["Array",1,["Array",16,"BitIn"]]],
          ["in1_hw_input_global_wrapper_stencil",["Array",9,["Array",16,"BitIn"]]]
        ]],
        "instances":{
          "add_315_339_340":{
            "genref":"coreir.add",
            "genargs":{"width":["Int",16]}
          },
          "add_317_337_338":{
            "genref":"coreir.add",
            "genargs":{"width":["Int",16]}
          },
          "add_319_336_337":{
            "genref":"coreir.add",
            "genargs":{"width":["Int",16]}
          },
          "add_321_335_336":{
            "genref":"coreir.add",
            "genargs":{"width":["Int",16]}
          },
          "add_323_334_335":{
            "genref":"coreir.add",
            "genargs":{"width":["Int",16]}
          },
          "add_325_333_334":{
            "genref":"coreir.add",
            "genargs":{"width":["Int",16]}
          },
          "add_327_332_333":{
            "genref":"coreir.add",
            "genargs":{"width":["Int",16]}
          },
          "add_329_331_332":{
            "genref":"coreir.add",
            "genargs":{"width":["Int",16]}
          },
          "add_conv_stencil_1_338_339":{
            "genref":"coreir.add",
            "genargs":{"width":["Int",16]}
          },
          "const_p11__314":{
            "genref":"coreir.const",
            "genargs":{"width":["Int",16]},
            "modargs":{"value":[["BitVector",16],"16'h000b"]}
          },
          "const_p12__320":{
            "genref":"coreir.const",
            "genargs":{"width":["Int",16]},
            "modargs":{"value":[["BitVector",16],"16'h000c"]}
          },
          "const_p13__326":{
            "genref":"coreir.const",
            "genargs":{"width":["Int",16]},
            "modargs":{"value":[["BitVector",16],"16'h000d"]}
          },
          "const_p14__316":{
            "genref":"coreir.const",
            "genargs":{"width":["Int",16]},
            "modargs":{"value":[["BitVector",16],"16'h000e"]}
          },
          "const_p16__330":{
            "genref":"coreir.const",
            "genargs":{"width":["Int",16]},
            "modargs":{"value":[["BitVector",16],"16'h0010"]}
          },
          "const_p17__318":{
            "genref":"coreir.const",
            "genargs":{"width":["Int",16]},
            "modargs":{"value":[["BitVector",16],"16'h0011"]}
          },
          "const_p18__324":{
            "genref":"coreir.const",
            "genargs":{"width":["Int",16]},
            "modargs":{"value":[["BitVector",16],"16'h0012"]}
          },
          "const_p19__328":{
            "genref":"coreir.const",
            "genargs":{"width":["Int",16]},
            "modargs":{"value":[["BitVector",16],"16'h0013"]}
          },
          "const_p255__322":{
            "genref":"coreir.const",
            "genargs":{"width":["Int",16]},
            "modargs":{"value":[["BitVector",16],"16'h00ff"]}
          },
          "mul_hw_input_global_wrapper_stencil_1_314_315":{
            "genref":"coreir.mul",
            "genargs":{"width":["Int",16]}
          },
          "mul_hw_input_global_wrapper_stencil_2_316_317":{
            "genref":"coreir.mul",
            "genargs":{"width":["Int",16]}
          },
          "mul_hw_input_global_wrapper_stencil_3_318_319":{
            "genref":"coreir.mul",
            "genargs":{"width":["Int",16]}
          },
          "mul_hw_input_global_wrapper_stencil_4_320_321":{
            "genref":"coreir.mul",
            "genargs":{"width":["Int",16]}
          },
          "mul_hw_input_global_wrapper_stencil_5_322_323":{
            "genref":"coreir.mul",
            "genargs":{"width":["Int",16]}
          },
          "mul_hw_input_global_wrapper_stencil_6_324_325":{
            "genref":"coreir.mul",
            "genargs":{"width":["Int",16]}
          },
          "mul_hw_input_global_wrapper_stencil_7_326_327":{
            "genref":"coreir.mul",
            "genargs":{"width":["Int",16]}
          },
          "mul_hw_input_global_wrapper_stencil_8_328_329":{
            "genref":"coreir.mul",
            "genargs":{"width":["Int",16]}
          },
          "mul_hw_input_global_wrapper_stencil_9_330_331":{
            "genref":"coreir.mul",
            "genargs":{"width":["Int",16]}
          }
        },
        "connections":[
          ["mul_hw_input_global_wrapper_stencil_1_314_315.out","add_315_339_340.in0"],
          ["add_conv_stencil_1_338_339.out","add_315_339_340.in1"],
          ["self.out_conv_stencil","add_315_339_340.out"],
          ["mul_hw_input_global_wrapper_stencil_2_316_317.out","add_317_337_338.in0"],
          ["add_319_336_337.out","add_317_337_338.in1"],
          ["add_conv_stencil_1_338_339.in1","add_317_337_338.out"],
          ["mul_hw_input_global_wrapper_stencil_3_318_319.out","add_319_336_337.in0"],
          ["add_321_335_336.out","add_319_336_337.in1"],
          ["mul_hw_input_global_wrapper_stencil_4_320_321.out","add_321_335_336.in0"],
          ["add_323_334_335.out","add_321_335_336.in1"],
          ["mul_hw_input_global_wrapper_stencil_5_322_323.out","add_323_334_335.in0"],
          ["add_325_333_334.out","add_323_334_335.in1"],
          ["mul_hw_input_global_wrapper_stencil_6_324_325.out","add_325_333_334.in0"],
          ["add_327_332_333.out","add_325_333_334.in1"],
          ["mul_hw_input_global_wrapper_stencil_7_326_327.out","add_327_332_333.in0"],
          ["add_329_331_332.out","add_327_332_333.in1"],
          ["mul_hw_input_global_wrapper_stencil_8_328_329.out","add_329_331_332.in0"],
          ["mul_hw_input_global_wrapper_stencil_9_330_331.out","add_329_331_332.in1"],
          ["self.in0_conv_stencil.0","add_conv_stencil_1_338_339.in0"],
          ["mul_hw_input_global_wrapper_stencil_1_314_315.in1","const_p11__314.out"],
          ["mul_hw_input_global_wrapper_stencil_4_320_321.in1","const_p12__320.out"],
          ["mul_hw_input_global_wrapper_stencil_7_326_327.in1","const_p13__326.out"],
          ["mul_hw_input_global_wrapper_stencil_2_316_317.in1","const_p14__316.out"],
          ["mul_hw_input_global_wrapper_stencil_9_330_331.in1","const_p16__330.out"],
          ["mul_hw_input_global_wrapper_stencil_3_318_319.in1","const_p17__318.out"],
          ["mul_hw_input_global_wrapper_stencil_6_324_325.in1","const_p18__324.out"],
          ["mul_hw_input_global_wrapper_stencil_8_328_329.in1","const_p19__328.out"],
          ["mul_hw_input_global_wrapper_stencil_5_322_323.in1","const_p255__322.out"],
          ["self.in1_hw_input_global_wrapper_stencil.0","mul_hw_input_global_wrapper_stencil_1_314_315.in0"],
          ["self.in1_hw_input_global_wrapper_stencil.1","mul_hw_input_global_wrapper_stencil_2_316_317.in0"],
          ["self.in1_hw_input_global_wrapper_stencil.2","mul_hw_input_global_wrapper_stencil_3_318_319.in0"],
          ["self.in1_hw_input_global_wrapper_stencil.3","mul_hw_input_global_wrapper_stencil_4_320_321.in0"],
          ["self.in1_hw_input_global_wrapper_stencil.4","mul_hw_input_global_wrapper_stencil_5_322_323.in0"],
          ["self.in1_hw_input_global_wrapper_stencil.5","mul_hw_input_global_wrapper_stencil_6_324_325.in0"],
          ["self.in1_hw_input_global_wrapper_stencil.6","mul_hw_input_global_wrapper_stencil_7_326_327.in0"],
          ["self.in1_hw_input_global_wrapper_stencil.7","mul_hw_input_global_wrapper_stencil_8_328_329.in0"],
          ["self.in1_hw_input_global_wrapper_stencil.8","mul_hw_input_global_wrapper_stencil_9_330_331.in0"]
        ]
      },
      "hcompute_hw_input_global_wrapper_stencil":{
        "type":["Record",[
          ["out_hw_input_global_wrapper_stencil",["Array",16,"Bit"]],
          ["in0_hw_input_stencil",["Array",1,["Array",16,"BitIn"]]]
        ]],
        "connections":[
          ["self.out_hw_input_global_wrapper_stencil","self.in0_hw_input_stencil.0"]
        ]
      },
      "hcompute_hw_output_stencil":{
        "type":["Record",[
          ["out_hw_output_stencil",["Array",16,"Bit"]],
          ["in0_conv_stencil",["Array",1,["Array",16,"BitIn"]]]
        ]],
        "connections":[
          ["self.out_hw_output_stencil","self.in0_conv_stencil.0"]
        ]
      }
    }
  }
}
}
