{"top":"global.DesignTop",
"namespaces":{
  "global":{
    "modules":{
      "DesignTop":{
        "type":["Record",[
          ["in",["Record",[["arg_0",["Array",1,["Array",1,["Array",16,"BitIn"]]]]]]],
          ["reset","BitIn"],
          ["out",["Array",1,["Array",1,["Array",16,"Bit"]]]],
          ["valid","Bit"]
        ]],
        "instances":{
          "add_307_311_312$binop":{
            "genref":"cgralib.PE",
            "genargs":{"numbitports":["Int",3], "numdataports":["Int",2], "op_kind":["String","alu"], "width":["Int",16]},
            "modargs":{"alu_op":["String","add"], "data0_mode":["String","BYPASS"], "data0_value":[["BitVector",16],"16'h0000"], "data1_mode":["String","BYPASS"], "data1_value":[["BitVector",16],"16'h0000"], "signed":["Bool",false]}
          },
          "add_313_317_318$binop":{
            "genref":"cgralib.PE",
            "genargs":{"numbitports":["Int",3], "numdataports":["Int",2], "op_kind":["String","alu"], "width":["Int",16]},
            "modargs":{"alu_op":["String","add"], "data0_mode":["String","BYPASS"], "data0_value":[["BitVector",16],"16'h0000"], "data1_mode":["String","BYPASS"], "data1_value":[["BitVector",16],"16'h0000"], "signed":["Bool",false]}
          },
          "add_319_323_324$binop":{
            "genref":"cgralib.PE",
            "genargs":{"numbitports":["Int",3], "numdataports":["Int",2], "op_kind":["String","alu"], "width":["Int",16]},
            "modargs":{"alu_op":["String","add"], "data0_mode":["String","BYPASS"], "data0_value":[["BitVector",16],"16'h0000"], "data1_mode":["String","BYPASS"], "data1_value":[["BitVector",16],"16'h0000"], "signed":["Bool",false]}
          },
          "add_325_329_330$binop":{
            "genref":"cgralib.PE",
            "genargs":{"numbitports":["Int",3], "numdataports":["Int",2], "op_kind":["String","alu"], "width":["Int",16]},
            "modargs":{"alu_op":["String","add"], "data0_mode":["String","BYPASS"], "data0_value":[["BitVector",16],"16'h0000"], "data1_mode":["String","BYPASS"], "data1_value":[["BitVector",16],"16'h0000"], "signed":["Bool",false]}
          },
          "add_331_335_336$binop":{
            "genref":"cgralib.PE",
            "genargs":{"numbitports":["Int",3], "numdataports":["Int",2], "op_kind":["String","alu"], "width":["Int",16]},
            "modargs":{"alu_op":["String","add"], "data0_mode":["String","BYPASS"], "data0_value":[["BitVector",16],"16'h0000"], "data1_mode":["String","BYPASS"], "data1_value":[["BitVector",16],"16'h0000"], "signed":["Bool",false]}
          },
          "add_337_341_342$binop":{
            "genref":"cgralib.PE",
            "genargs":{"numbitports":["Int",3], "numdataports":["Int",2], "op_kind":["String","alu"], "width":["Int",16]},
            "modargs":{"alu_op":["String","add"], "data0_mode":["String","BYPASS"], "data0_value":[["BitVector",16],"16'h0000"], "data1_mode":["String","BYPASS"], "data1_value":[["BitVector",16],"16'h0000"], "signed":["Bool",false]}
          },
          "add_343_347_348$binop":{
            "genref":"cgralib.PE",
            "genargs":{"numbitports":["Int",3], "numdataports":["Int",2], "op_kind":["String","alu"], "width":["Int",16]},
            "modargs":{"alu_op":["String","add"], "data0_mode":["String","BYPASS"], "data0_value":[["BitVector",16],"16'h0000"], "data1_mode":["String","BYPASS"], "data1_value":[["BitVector",16],"16'h0000"], "signed":["Bool",false]}
          },
          "add_349_353_354$binop":{
            "genref":"cgralib.PE",
            "genargs":{"numbitports":["Int",3], "numdataports":["Int",2], "op_kind":["String","alu"], "width":["Int",16]},
            "modargs":{"alu_op":["String","add"], "data0_mode":["String","BYPASS"], "data0_value":[["BitVector",16],"16'h0000"], "data1_mode":["String","BYPASS"], "data1_value":[["BitVector",16],"16'h0000"], "signed":["Bool",false]}
          },
          "add_355_359_360$binop":{
            "genref":"cgralib.PE",
            "genargs":{"numbitports":["Int",3], "numdataports":["Int",2], "op_kind":["String","alu"], "width":["Int",16]},
            "modargs":{"alu_op":["String","add"], "data0_mode":["String","BYPASS"], "data0_value":[["BitVector",16],"16'h0000"], "data1_mode":["String","BYPASS"], "data1_value":[["BitVector",16],"16'h0000"], "signed":["Bool",false]}
          },
          "const0_0":{
            "genref":"coreir.const",
            "genargs":{"width":["Int",16]},
            "modargs":{"value":[["BitVector",16],"16'h0000"]}
          },
          "const0_0$1":{
            "genref":"coreir.const",
            "genargs":{"width":["Int",16]},
            "modargs":{"value":[["BitVector",16],"16'h0000"]}
          },
          "const11_11":{
            "genref":"coreir.const",
            "genargs":{"width":["Int",16]},
            "modargs":{"value":[["BitVector",16],"16'h000b"]}
          },
          "const12_12":{
            "genref":"coreir.const",
            "genargs":{"width":["Int",16]},
            "modargs":{"value":[["BitVector",16],"16'h000c"]}
          },
          "const13_13":{
            "genref":"coreir.const",
            "genargs":{"width":["Int",16]},
            "modargs":{"value":[["BitVector",16],"16'h000d"]}
          },
          "const14_14":{
            "genref":"coreir.const",
            "genargs":{"width":["Int",16]},
            "modargs":{"value":[["BitVector",16],"16'h000e"]}
          },
          "const16_16":{
            "genref":"coreir.const",
            "genargs":{"width":["Int",16]},
            "modargs":{"value":[["BitVector",16],"16'h0010"]}
          },
          "const17_17":{
            "genref":"coreir.const",
            "genargs":{"width":["Int",16]},
            "modargs":{"value":[["BitVector",16],"16'h0011"]}
          },
          "const18_18":{
            "genref":"coreir.const",
            "genargs":{"width":["Int",16]},
            "modargs":{"value":[["BitVector",16],"16'h0012"]}
          },
          "const19_19":{
            "genref":"coreir.const",
            "genargs":{"width":["Int",16]},
            "modargs":{"value":[["BitVector",16],"16'h0013"]}
          },
          "io16_out_0_0":{
            "genref":"cgralib.IO",
            "genargs":{"width":["Int",16]},
            "modargs":{"mode":["String","out"]}
          },
          "io16in_in_arg_0_0_0":{
            "genref":"cgralib.IO",
            "genargs":{"width":["Int",16]},
            "modargs":{"mode":["String","in"]}
          },
          "io1_valid":{
            "modref":"cgralib.BitIO",
            "modargs":{"mode":["String","out"]}
          },
          "io1in_reset":{
            "modref":"cgralib.BitIO",
            "modargs":{"mode":["String","in"]}
          },
          "mul_308_310_311$binop":{
            "genref":"cgralib.PE",
            "genargs":{"numbitports":["Int",3], "numdataports":["Int",2], "op_kind":["String","alu"], "width":["Int",16]},
            "modargs":{"alu_op":["String","mult_0"], "data0_mode":["String","BYPASS"], "data0_value":[["BitVector",16],"16'h0000"], "data1_mode":["String","BYPASS"], "data1_value":[["BitVector",16],"16'h0000"], "signed":["Bool",false]}
          },
          "mul_314_316_317$binop":{
            "genref":"cgralib.PE",
            "genargs":{"numbitports":["Int",3], "numdataports":["Int",2], "op_kind":["String","alu"], "width":["Int",16]},
            "modargs":{"alu_op":["String","mult_0"], "data0_mode":["String","BYPASS"], "data0_value":[["BitVector",16],"16'h0000"], "data1_mode":["String","BYPASS"], "data1_value":[["BitVector",16],"16'h0000"], "signed":["Bool",false]}
          },
          "mul_320_322_323$binop":{
            "genref":"cgralib.PE",
            "genargs":{"numbitports":["Int",3], "numdataports":["Int",2], "op_kind":["String","alu"], "width":["Int",16]},
            "modargs":{"alu_op":["String","mult_0"], "data0_mode":["String","BYPASS"], "data0_value":[["BitVector",16],"16'h0000"], "data1_mode":["String","BYPASS"], "data1_value":[["BitVector",16],"16'h0000"], "signed":["Bool",false]}
          },
          "mul_326_328_329$binop":{
            "genref":"cgralib.PE",
            "genargs":{"numbitports":["Int",3], "numdataports":["Int",2], "op_kind":["String","alu"], "width":["Int",16]},
            "modargs":{"alu_op":["String","mult_0"], "data0_mode":["String","BYPASS"], "data0_value":[["BitVector",16],"16'h0000"], "data1_mode":["String","BYPASS"], "data1_value":[["BitVector",16],"16'h0000"], "signed":["Bool",false]}
          },
          "mul_332_334_335$binop":{
            "genref":"cgralib.PE",
            "genargs":{"numbitports":["Int",3], "numdataports":["Int",2], "op_kind":["String","alu"], "width":["Int",16]},
            "modargs":{"alu_op":["String","mult_0"], "data0_mode":["String","BYPASS"], "data0_value":[["BitVector",16],"16'h0000"], "data1_mode":["String","BYPASS"], "data1_value":[["BitVector",16],"16'h0000"], "signed":["Bool",false]}
          },
          "mul_338_340_341$binop":{
            "genref":"cgralib.PE",
            "genargs":{"numbitports":["Int",3], "numdataports":["Int",2], "op_kind":["String","alu"], "width":["Int",16]},
            "modargs":{"alu_op":["String","mult_0"], "data0_mode":["String","BYPASS"], "data0_value":[["BitVector",16],"16'h0000"], "data1_mode":["String","BYPASS"], "data1_value":[["BitVector",16],"16'h0000"], "signed":["Bool",false]}
          },
          "mul_344_346_347$binop":{
            "genref":"cgralib.PE",
            "genargs":{"numbitports":["Int",3], "numdataports":["Int",2], "op_kind":["String","alu"], "width":["Int",16]},
            "modargs":{"alu_op":["String","mult_0"], "data0_mode":["String","BYPASS"], "data0_value":[["BitVector",16],"16'h0000"], "data1_mode":["String","BYPASS"], "data1_value":[["BitVector",16],"16'h0000"], "signed":["Bool",false]}
          },
          "mul_350_352_353$binop":{
            "genref":"cgralib.PE",
            "genargs":{"numbitports":["Int",3], "numdataports":["Int",2], "op_kind":["String","alu"], "width":["Int",16]},
            "modargs":{"alu_op":["String","mult_0"], "data0_mode":["String","BYPASS"], "data0_value":[["BitVector",16],"16'h0000"], "data1_mode":["String","BYPASS"], "data1_value":[["BitVector",16],"16'h0000"], "signed":["Bool",false]}
          },
          "mul_356_358_359$binop":{
            "genref":"cgralib.PE",
            "genargs":{"numbitports":["Int",3], "numdataports":["Int",2], "op_kind":["String","alu"], "width":["Int",16]},
            "modargs":{"alu_op":["String","mult_0"], "data0_mode":["String","BYPASS"], "data0_value":[["BitVector",16],"16'h0000"], "data1_mode":["String","BYPASS"], "data1_value":[["BitVector",16],"16'h0000"], "signed":["Bool",false]}
          },
          "reg_0_1":{
              "genref":"coreir.reg",
              "genargs":{"width":["Int",16]},
              "modargs":{"clk_posedge":["Bool",true], "init":[["BitVector",16],"16'hxxxx"]}
          },
          "reg_0_2":{
              "genref":"coreir.reg",
              "genargs":{"width":["Int",16]},
              "modargs":{"clk_posedge":["Bool",true], "init":[["BitVector",16],"16'hxxxx"]}
          },
          "reg_1_1":{
              "genref":"coreir.reg",
              "genargs":{"width":["Int",16]},
              "modargs":{"clk_posedge":["Bool",true], "init":[["BitVector",16],"16'hxxxx"]}
          },
          "reg_1_2":{
              "genref":"coreir.reg",
              "genargs":{"width":["Int",16]},
              "modargs":{"clk_posedge":["Bool",true], "init":[["BitVector",16],"16'hxxxx"]}
          },
          "reg_2_1":{
              "genref":"coreir.reg",
              "genargs":{"width":["Int",16]},
              "modargs":{"clk_posedge":["Bool",true], "init":[["BitVector",16],"16'hxxxx"]}
          },
          "reg_2_2":{
              "genref":"coreir.reg",
              "genargs":{"width":["Int",16]},
              "modargs":{"clk_posedge":["Bool",true], "init":[["BitVector",16],"16'hxxxx"]}
          },
          "lakemem":{
              "genref":"cgralib.Mem",
              "genargs":{"num_inputs":["Int",1], "num_outputs":["Int",2], "width":["Int",16]},
              "modargs":{"mode": ["lake"], "stencil_delay": ["Int", 3],
                         "config":["Json", {
                             "stencil_valid":{"dimensionality": 2, "cycle_starting_addr":[130], "extent": [62,100], "cycle_stride": [1,64]},
                             "in2agg_0":{"dimensionality": 4, "cycle_starting_addr":[0], "extent": [4,16,64,1], "cycle_stride": [1,4,64,0], "write":"buf_inst_input_10_to_buf_inst_output_3_ubuf_0_agg", "write_data_starting_addr": [0], "write_data_stride": [1,0,0,0]},
                             "agg2sram":{"dimensionality": 3, "cycle_starting_addr":[4], "extent": [16,64,1], "cycle_stride": [4,64,0], "read":"buf_inst_input_10_to_buf_inst_output_3_ubuf_0_agg", "read_data_starting_addr": [0], "read_data_stride": [0,0,0], "write":"buf_inst_input_10_to_buf_inst_output_3_ubuf_sram", "write_data_starting_addr": [0], "write_data_stride": [1,16,0]},
                             "sram2tb":{"dimensionality": 4, "cycle_starting_addr":[123], "extent": [2,16,62,1], "cycle_stride": [2,4,64,0], "read":"buf_inst_input_10_to_buf_inst_output_3_ubuf_sram", "read_data_starting_addr": [0], "read_data_stride": [16,1,16,0], "mux_write":"buf_inst_input_10_to_buf_inst_output_3_ubuf_0_tb", "mux_write_data_starting_addr": [0], "mux_write_data_stride": [1,0,0,0], "write":"buf_inst_input_10_to_buf_inst_output_3_ubuf_0_tb", "write_data_starting_addr": [0], "write_data_stride": [0,1,16,0]},
                             "tb2out_0":{"dimensionality": 4, "cycle_starting_addr":[128], "extent": [4,16,62,1], "cycle_stride": [1,4,64,0], "read":"buf_inst_input_10_to_buf_inst_output_3_ubuf_0_tb", "read_data_starting_addr": [0], "read_data_stride": [1,4,64,0]},
                             "tb2out_1":{"dimensionality": 4, "cycle_starting_addr":[128], "extent": [4,16,62,1], "cycle_stride": [1,4,64,0], "read":"buf_inst_input_10_to_buf_inst_output_3_ubuf_0_tb", "read_data_starting_addr": [0], "read_data_stride": [1,4,16,0]}
                         }]}}
        },
        "connections":[
          ["const0_0.out","add_307_311_312$binop.data.in.0"],
          ["mul_308_310_311$binop.data.out","add_307_311_312$binop.data.in.1"],
          ["add_313_317_318$binop.data.in.0","add_307_311_312$binop.data.out"],
          ["mul_314_316_317$binop.data.out","add_313_317_318$binop.data.in.1"],
          ["add_319_323_324$binop.data.in.0","add_313_317_318$binop.data.out"],
          ["mul_320_322_323$binop.data.out","add_319_323_324$binop.data.in.1"],
          ["add_325_329_330$binop.data.in.0","add_319_323_324$binop.data.out"],
          ["mul_326_328_329$binop.data.out","add_325_329_330$binop.data.in.1"],
          ["add_331_335_336$binop.data.in.0","add_325_329_330$binop.data.out"],
          ["mul_332_334_335$binop.data.out","add_331_335_336$binop.data.in.1"],
          ["add_337_341_342$binop.data.in.0","add_331_335_336$binop.data.out"],
          ["mul_338_340_341$binop.data.out","add_337_341_342$binop.data.in.1"],
          ["add_343_347_348$binop.data.in.0","add_337_341_342$binop.data.out"],
          ["mul_344_346_347$binop.data.out","add_343_347_348$binop.data.in.1"],
          ["add_349_353_354$binop.data.in.0","add_343_347_348$binop.data.out"],
          ["mul_350_352_353$binop.data.out","add_349_353_354$binop.data.in.1"],
          ["add_355_359_360$binop.data.in.0","add_349_353_354$binop.data.out"],
          ["mul_356_358_359$binop.data.out","add_355_359_360$binop.data.in.1"],
          ["io16_out_0_0.in","add_355_359_360$binop.data.out"],
          ["mul_332_334_335$binop.data.in.0","const0_0$1.out"],
          ["mul_308_310_311$binop.data.in.0","const11_11.out"],
          ["mul_326_328_329$binop.data.in.0","const12_12.out"],
          ["mul_344_346_347$binop.data.in.0","const13_13.out"],
          ["mul_314_316_317$binop.data.in.0","const14_14.out"],
          ["mul_350_352_353$binop.data.in.0","const16_16.out"],
          ["mul_320_322_323$binop.data.in.0","const17_17.out"],
          ["mul_338_340_341$binop.data.in.0","const18_18.out"],
          ["mul_356_358_359$binop.data.in.0","const19_19.out"],
          ["reg_0_1.in","io16in_in_arg_0_0_0.out"],
          ["lakemem.data_in_0","io16in_in_arg_0_0_0.out"],
          ["mul_356_358_359$binop.data.in.1","io16in_in_arg_0_0_0.out"],
          ["reg_0_2.in","reg_0_1.out"],
          ["mul_350_352_353$binop.data.in.1","reg_0_1.out"],
          ["mul_344_346_347$binop.data.in.1","reg_0_2.out"],
          ["lakemem.data_out_0","reg_2_1.in"],
          ["reg_1_2.in","reg_1_1.out"],
          ["mul_332_334_335$binop.data.in.1","reg_1_1.out"],
          ["mul_326_328_329$binop.data.in.1","reg_1_2.out"],
          ["lakemem.data_out_1","reg_1_1.in"],
          ["reg_2_2.in","reg_2_1.out"],
          ["mul_314_316_317$binop.data.in.1","reg_2_1.out"],
          ["mul_308_310_311$binop.data.in.1","reg_2_2.out"],
          ["mul_338_340_341$binop.data.in.1","lakemem.data_out_1"],
          ["mul_320_322_323$binop.data.in.1","lakemem.data_out_0"],
          ["lakemem.flush","io1in_reset.out"],
          ["lakemem.stencil_valid","io1_valid.in"]
        ]
      }
    }
  }
}
}
