{"top":"global.DesignTop",
"namespaces":{
  "global":{
    "modules":{
      "DesignTop":{
        "type":["Record",[
          ["in",["Record",[["arg_0",["Array",1,["Array",1,["Array",16,"BitIn"]]]]]]],
          ["reset","BitIn"],
          ["out",["Array",1,["Array",1,["Array",16,"Bit"]]]],
          ["valid","Bit"]
        ]],
        "instances":{
          "io16_out_0_0":{
            "genref":"cgralib.IO",
            "genargs":{"width":["Int",16]},
            "modargs":{"mode":["String","out"]}
          },
          "io16in_in_arg_input":{
            "genref":"cgralib.IO",
            "genargs":{"width":["Int",16]},
            "modargs":{"mode":["String","in"]}
          },
          "io1_valid":{
            "modref":"cgralib.BitIO",
            "modargs":{"mode":["String","out"]}
          },
          "io1in_reset":{
            "modref":"cgralib.BitIO",
            "modargs":{"mode":["String","in"]}
          },
          "lakemem_weight":{
              "genref":"cgralib.Pond",
              "genargs":{"num_inputs":["Int",1], "num_outputs":["Int",1], "width":["Int",16]},
              "modargs":{"stencil_delay": ["Int", 0],
                         "config":["Json", {
                             "mode":"pond",
                             "in2regfile":{"dimensionality": 2, "cycle_starting_addr":[0], "extent": [9,100], "cycle_stride": [1,7560],
                                         "write":"buf_inst_input_10_to_buf_inst_output_3_ubuf_0_agg", "write_data_starting_addr": [0], "write_data_stride": [1,0]},
                             "regfile2out":{"dimensionality": 3, "cycle_starting_addr":[905], "extent": [840,9,100], "cycle_stride": [1,840,7560],
                                            "read":"buf_inst_input_10_to_buf_inst_output_3_ubuf_0_tb", "read_data_starting_addr": [0], "read_data_stride": [0,1,0]}
                         }]}}
        },
        "connections":[
            ["io16in_in_arg_input.out","lakemem_weight.data_in_0"],
            ["lakemem_weight.data_out_0","io16_out_0_0.in"],
            ["lakemem_weight.flush","io1in_reset.out"]
        ]
      }
    }
  }
}
}
